// Jest Snapshot v1, https://goo.gl/fbAQLP

exports[`GetOpcodesInteractor should not be fooled by data 1`] = `
[
  [
    {
      "arguments": "0x00",
      "isReal": true,
      "mnemonic": "PUSH1",
      "opcode": 96,
    },
  ],
  [
    {
      "arguments": "",
      "isReal": true,
      "mnemonic": "JUMP",
      "opcode": 86,
    },
  ],
  [
    {
      "arguments": "0x1",
      "isReal": false,
      "mnemonic": "DATA",
      "opcode": 1,
    },
  ],
  [
    {
      "arguments": "0x2",
      "isReal": false,
      "mnemonic": "DATA",
      "opcode": 2,
    },
  ],
  [
    {
      "arguments": "0x3",
      "isReal": false,
      "mnemonic": "DATA",
      "opcode": 3,
    },
  ],
]
`;
